
Applying database migration version 1...
electron.exe : Failed to apply migration version 1: RangeError: The supplied SQL string contains more than one 
statement
At line:1 char:1
+ & "H:\New folder\electron.exe" . --enable-logging 2>&1 | Out-File -Fi ...
+ ~~~~~~~~~~~~~~~~~~~~~~~~~~~~~~~~~~~~~~~~~~~~~~~~~~~~~~
    + CategoryInfo          : NotSpecified: (Failed to apply...n one statement:String) [], RemoteException
    + FullyQualifiedErrorId : NativeCommandError
 
    at Database.prepare (G:\Astro\node_modules\better-sqlite3\lib\methods\wrappers.js:5:21)
    at G:\Astro\dist\main\db.js:66:12
    at sqliteTransaction (G:\Astro\node_modules\better-sqlite3\lib\methods\transaction.js:65:24)
    at runMigrations (G:\Astro\dist\main\db.js:74:17)
    at initializeDatabase (G:\Astro\dist\main\db.js:40:5)
    at G:\Astro\dist\main\index.js:46:33
(node:19148) UnhandledPromiseRejectionWarning: RangeError: The supplied SQL string contains more than one statement
    at Database.prepare (G:\Astro\node_modules\better-sqlite3\lib\methods\wrappers.js:5:21)
    at G:\Astro\dist\main\db.js:66:12
    at sqliteTransaction (G:\Astro\node_modules\better-sqlite3\lib\methods\transaction.js:65:24)
    at runMigrations (G:\Astro\dist\main\db.js:74:17)
    at initializeDatabase (G:\Astro\dist\main\db.js:40:5)
    at G:\Astro\dist\main\index.js:46:33
(Use `electron --trace-warnings ...` to show where the warning was created)
(node:19148) UnhandledPromiseRejectionWarning: Unhandled promise rejection. This error originated either by throwing 
inside of an async function without a catch block, or by rejecting a promise which was not handled with .catch(). To 
terminate the node process on unhandled promise rejection, use the CLI flag `--unhandled-rejections=strict` (see 
https://nodejs.org/api/cli.html#cli_unhandled_rejections_mode). (rejection id: 1)
