[2026-08-19T13:06:05.747Z] === Main process starting ===
[2026-08-19T13:06:05.751Z] userData path set to: C:\Users\henus\AppData\Roaming\HENU_OS_Records
[2026-08-19T13:06:06.422Z] app.whenReady resolved
[2026-08-19T13:06:06.425Z] initializeDatabase succeeded
[2026-08-19T13:06:06.425Z] createWindow called
[2026-08-19T13:06:06.469Z] indexPath: G:\Astro\dist\renderer\index.html exists: true
[2026-08-19T13:06:06.469Z] Loading http://localhost:5174
[2026-08-19T13:07:26.230Z] === Main process starting ===
[2026-08-19T13:07:26.233Z] userData path set to: C:\Users\henus\AppData\Roaming\HENU_OS_Records
[2026-08-19T13:07:26.801Z] app.whenReady resolved
[2026-08-19T13:07:26.804Z] initializeDatabase succeeded
[2026-08-19T13:07:26.804Z] createWindow called
[2026-08-19T13:07:26.863Z] indexPath: G:\Astro\dist\renderer\index.html exists: true
[2026-08-19T13:07:26.863Z] Loading http://localhost:5174
[2026-08-19T14:27:35.752Z] mainWindow closed
[2026-08-19T14:27:35.760Z] app window-all-closed
[2026-08-19T14:28:04.191Z] === Main process starting ===
[2026-08-19T14:28:04.202Z] userData path set to: C:\Users\henus\AppData\Roaming\HENU_OS_Records
[2026-08-19T14:28:05.388Z] app.whenReady resolved
[2026-08-19T14:28:05.464Z] initializeDatabase succeeded
[2026-08-19T14:28:05.465Z] createWindow called
[2026-08-19T14:28:05.575Z] indexPath: G:\Astro\dist\renderer\index.html exists: true
[2026-08-19T14:28:05.576Z] Loading http://localhost:5174
[2026-08-19T16:34:53.544Z] mainWindow closed
[2026-08-19T16:34:53.579Z] app window-all-closed
[2026-08-19T17:41:08.158Z] === Main process starting ===
[2026-08-19T17:41:08.171Z] userData path set to: C:\Users\henus\AppData\Roaming\HENU_OS_Records
[2026-08-19T17:41:10.284Z] app.whenReady resolved
[2026-08-19T17:41:10.366Z] initializeDatabase succeeded
[2026-08-19T17:41:10.367Z] createWindow called
[2026-08-19T17:41:11.921Z] indexPath: G:\Astro\dist\renderer\index.html exists: true
[2026-08-19T17:41:11.921Z] Loading http://localhost:5174
[2026-08-19T19:18:30.638Z] mainWindow closed
[2026-08-19T19:18:30.679Z] app window-all-closed
[2026-08-19T19:19:04.966Z] === Main process starting ===
[2026-08-19T19:19:04.981Z] userData path set to: C:\Users\henus\AppData\Roaming\HENU_OS_Records
[2026-08-19T19:19:05.737Z] app.whenReady resolved
[2026-08-19T19:19:05.799Z] initializeDatabase succeeded
[2026-08-19T19:19:05.800Z] createWindow called
[2026-08-19T19:19:05.940Z] indexPath: G:\Astro\dist\renderer\index.html exists: true
[2026-08-19T19:19:05.940Z] Loading http://localhost:5174
[2026-08-19T19:33:39.611Z] === Main process starting ===
[2026-08-19T19:33:39.617Z] userData path set to: C:\Users\henus\AppData\Roaming\HENU_OS_Records
[2026-08-19T19:33:40.289Z] app.whenReady resolved
[2026-08-19T19:33:40.357Z] initializeDatabase succeeded
[2026-08-19T19:33:40.358Z] createWindow called
[2026-08-19T19:33:40.489Z] indexPath: G:\Astro\dist\renderer\index.html exists: true
[2026-08-19T19:33:40.490Z] Loading http://localhost:5174
[2026-08-19T19:34:00.379Z] mainWindow closed
[2026-08-19T19:34:00.380Z] app window-all-closed
[2026-08-19T19:34:24.993Z] === Main process starting ===
[2026-08-19T19:34:24.997Z] userData path set to: C:\Users\henus\AppData\Roaming\HENU_OS_Records
[2026-08-19T19:34:25.601Z] app.whenReady resolved
[2026-08-19T19:34:25.659Z] initializeDatabase succeeded
[2026-08-19T19:34:25.660Z] createWindow called
[2026-08-19T19:34:25.774Z] indexPath: G:\Astro\dist\renderer\index.html exists: true
[2026-08-19T19:34:25.774Z] Loading http://localhost:5174
[2026-08-19T19:36:56.202Z] === Main process starting ===
[2026-08-19T19:36:56.214Z] userData path set to: C:\Users\henus\AppData\Roaming\HENU_OS_Records
[2026-08-19T19:36:56.824Z] app.whenReady resolved
[2026-08-19T19:36:56.872Z] initializeDatabase succeeded
[2026-08-19T19:36:56.872Z] createWindow called
[2026-08-19T19:36:56.981Z] indexPath: G:\Astro\dist\renderer\index.html exists: true
[2026-08-19T19:36:56.982Z] Loading http://localhost:5174
[2026-08-19T19:37:14.345Z] mainWindow closed
[2026-08-19T19:37:14.346Z] app window-all-closed
[2026-08-20T06:30:01.586Z] === Main process starting ===
[2026-08-20T06:30:01.603Z] userData path set to: C:\Users\henus\AppData\Roaming\HENU_OS_Records
[2026-08-20T06:30:04.446Z] app.whenReady resolved
[2026-08-20T06:30:04.653Z] initializeDatabase succeeded
[2026-08-20T06:30:04.655Z] createWindow called
[2026-08-20T06:30:04.934Z] indexPath: G:\Astro\dist\renderer\index.html exists: true
[2026-08-20T06:30:04.934Z] Loading http://localhost:5174
[2026-08-20T06:49:24.308Z] mainWindow closed
[2026-08-20T06:49:24.309Z] app window-all-closed
[2026-08-20T07:00:05.353Z] === Main process starting ===
[2026-08-20T07:00:05.357Z] userData path set to: C:\Users\henus\AppData\Roaming\HENU_OS_Records
[2026-08-20T07:00:05.976Z] app.whenReady resolved
[2026-08-20T07:00:06.067Z] initializeDatabase succeeded
[2026-08-20T07:00:06.068Z] createWindow called
[2026-08-20T07:00:06.144Z] indexPath: G:\Astro\dist\renderer\index.html exists: true
[2026-08-20T07:00:06.145Z] Loading http://localhost:5174
[2026-08-20T10:20:48.641Z] === Main process starting ===
[2026-08-20T10:20:48.653Z] userData path set to: C:\Users\henus\AppData\Roaming\HENU_OS_Records
[2026-08-20T10:20:49.426Z] app.whenReady resolved
[2026-08-20T10:20:49.555Z] initializeDatabase succeeded
[2026-08-20T10:20:49.555Z] createWindow called
[2026-08-20T10:20:49.631Z] indexPath: G:\Astro\dist\renderer\index.html exists: true
[2026-08-20T10:20:49.632Z] Loading http://localhost:5174
[2026-08-20T12:18:50.000Z] === Main process starting ===
[2026-08-20T12:18:50.011Z] userData path set to: C:\Users\henus\AppData\Roaming\HENU_OS_Records
[2026-08-20T12:18:50.556Z] app.whenReady resolved
[2026-08-20T12:18:50.661Z] initializeDatabase succeeded
[2026-08-20T12:18:50.661Z] createWindow called
[2026-08-20T12:18:50.752Z] indexPath: G:\Astro\dist\renderer\index.html exists: true
[2026-08-20T12:18:50.753Z] Loading http://localhost:5174
[2026-08-20T13:09:08.346Z] mainWindow closed
[2026-08-20T13:09:08.349Z] app window-all-closed
[2026-08-20T13:57:54.130Z] === Main process starting ===
[2026-08-20T13:57:54.135Z] userData path set to: C:\Users\henus\AppData\Roaming\HENU_OS_Records
[2026-08-20T13:57:54.849Z] app.whenReady resolved
[2026-08-20T13:57:54.959Z] initializeDatabase succeeded
[2026-08-20T13:57:54.959Z] createWindow called
[2026-08-20T13:57:55.060Z] indexPath: G:\Astro\dist\renderer\index.html exists: true
[2026-08-20T13:57:55.061Z] Loading http://localhost:5174
[2026-08-20T14:10:32.417Z] === Main process starting ===
[2026-08-20T14:10:32.420Z] userData path set to: C:\Users\henus\AppData\Roaming\HENU_OS_Records
[2026-08-20T14:10:32.977Z] app.whenReady resolved
[2026-08-20T14:10:33.057Z] initializeDatabase succeeded
[2026-08-20T14:10:33.057Z] createWindow called
[2026-08-20T14:10:33.127Z] indexPath: G:\Astro\dist\renderer\index.html exists: true
[2026-08-20T14:10:33.128Z] Loading http://localhost:5174
[2026-08-20T17:52:47.295Z] === Main process starting ===
[2026-08-20T17:52:47.299Z] userData path set to: C:\Users\henus\AppData\Roaming\HENU_OS_Records
[2026-08-20T17:52:48.129Z] app.whenReady resolved
[2026-08-20T17:52:48.285Z] initializeDatabase succeeded
[2026-08-20T17:52:48.285Z] createWindow called
[2026-08-20T17:52:48.359Z] indexPath: G:\Astro\dist\renderer\index.html exists: true
[2026-08-20T17:52:48.359Z] Loading http://localhost:5174
[2026-08-20T17:54:08.799Z] mainWindow closed
[2026-08-20T17:54:08.800Z] app window-all-closed
[2026-08-20T18:08:53.052Z] === Main process starting ===
[2026-08-20T18:08:53.056Z] userData path set to: C:\Users\henus\AppData\Roaming\HENU_OS_Records
[2026-08-20T18:08:53.843Z] app.whenReady resolved
[2026-08-20T18:08:53.969Z] initializeDatabase succeeded
[2026-08-20T18:08:53.969Z] createWindow called
[2026-08-20T18:08:54.022Z] indexPath: G:\Astro\dist\renderer\index.html exists: true
[2026-08-20T18:08:54.023Z] Loading http://localhost:5174
[2026-08-20T18:10:05.360Z] === Main process starting ===
[2026-08-20T18:10:05.364Z] userData path set to: C:\Users\henus\AppData\Roaming\HENU_OS_Records
[2026-08-20T18:10:06.154Z] app.whenReady resolved
[2026-08-20T18:10:06.298Z] initializeDatabase succeeded
[2026-08-20T18:10:06.298Z] createWindow called
[2026-08-20T18:10:06.372Z] indexPath: G:\Astro\dist\renderer\index.html exists: true
[2026-08-20T18:10:06.372Z] Loading http://localhost:5174
[2026-08-20T18:16:28.631Z] === Main process starting ===
[2026-08-20T18:16:28.635Z] userData path set to: C:\Users\henus\AppData\Roaming\HENU_OS_Records
[2026-08-20T18:16:29.322Z] app.whenReady resolved
[2026-08-20T18:16:29.438Z] initializeDatabase succeeded
[2026-08-20T18:16:29.439Z] createWindow called
[2026-08-20T18:16:29.481Z] indexPath: G:\Astro\dist\renderer\index.html exists: true
[2026-08-20T18:16:29.481Z] Loading http://localhost:5174
[2026-08-20T18:18:20.719Z] === Main process starting ===
[2026-08-20T18:18:20.722Z] userData path set to: C:\Users\henus\AppData\Roaming\HENU_OS_Records
[2026-08-20T18:18:21.315Z] app.whenReady resolved
[2026-08-20T18:18:21.445Z] initializeDatabase succeeded
[2026-08-20T18:18:21.445Z] createWindow called
[2026-08-20T18:18:21.492Z] indexPath: G:\Astro\dist\renderer\index.html exists: true
[2026-08-20T18:18:21.492Z] Loading http://localhost:5174
[2026-08-20T18:20:21.022Z] === Main process starting ===
[2026-08-20T18:20:21.029Z] userData path set to: C:\Users\henus\AppData\Roaming\HENU_OS_Records
[2026-08-20T18:20:22.310Z] app.whenReady resolved
[2026-08-20T18:20:22.609Z] initializeDatabase succeeded
[2026-08-20T18:20:22.610Z] createWindow called
[2026-08-20T18:20:22.731Z] indexPath: G:\Astro\dist\renderer\index.html exists: true
[2026-08-20T18:20:22.731Z] Loading http://localhost:5174
[2026-08-25T00:43:56.381Z] === Main process starting ===
[2026-08-25T00:43:56.388Z] userData path set to: C:\Users\henus\AppData\Roaming\HENU_OS_Records
[2026-08-25T00:43:57.402Z] app.whenReady resolved
[2026-08-25T00:43:57.546Z] initializeDatabase succeeded
[2026-08-25T00:43:57.546Z] createWindow called
[2026-08-25T00:43:57.642Z] indexPath: G:\Astro\dist\renderer\index.html exists: true
[2026-08-25T00:43:57.642Z] Loading http://localhost:5174
[2026-08-25T01:16:04.352Z] === Main process starting ===
[2026-08-25T01:16:04.361Z] userData path set to: C:\Users\henus\AppData\Roaming\HENU_OS_Records
[2026-08-25T01:16:06.540Z] app.whenReady resolved
[2026-08-25T01:16:06.713Z] initializeDatabase succeeded
[2026-08-25T01:16:06.714Z] createWindow called
[2026-08-25T01:16:06.816Z] indexPath: G:\Astro\dist\renderer\index.html exists: true
[2026-08-25T01:16:06.816Z] Loading http://localhost:5174
[2026-08-25T18:40:26.820Z] mainWindow closed
[2026-08-25T18:40:26.830Z] app window-all-closed
[2026-08-25T19:09:19.229Z] mainWindow closed
[2026-08-25T19:09:19.233Z] app window-all-closed
[2026-08-25T19:10:18.472Z] === Main process starting ===
[2026-08-25T19:10:18.494Z] userData path set to: C:\Users\henus\AppData\Roaming\HENU_OS_Records
[2026-08-25T19:10:21.692Z] app.whenReady resolved
[2026-08-25T19:10:22.167Z] initializeDatabase succeeded
[2026-08-25T19:10:22.169Z] createWindow called
[2026-08-25T19:10:22.811Z] indexPath: G:\Astro\dist\renderer\index.html exists: true
[2026-08-25T19:10:22.812Z] Loading http://localhost:5174
[2026-08-26T05:09:39.945Z] mainWindow closed
[2026-08-26T05:09:39.947Z] app window-all-closed
[2026-08-26T05:11:22.253Z] === Main process starting ===
[2026-08-26T05:11:22.263Z] userData path set to: C:\Users\henus\AppData\Roaming\HENU_OS_Records
[2026-08-26T05:11:24.049Z] app.whenReady resolved
[2026-08-26T05:11:24.392Z] initializeDatabase succeeded
[2026-08-26T05:11:24.396Z] createWindow called
[2026-08-26T05:11:24.503Z] indexPath: G:\Astro\dist\renderer\index.html exists: true
[2026-08-26T05:11:24.504Z] Loading http://localhost:5174
[2026-08-28T05:34:55.202Z] === Main process starting ===
[2026-08-28T05:34:55.207Z] userData path set to: C:\Users\henus\AppData\Roaming\HENU_OS_Records
[2026-08-28T05:34:55.954Z] app.whenReady resolved
[2026-08-28T05:34:56.144Z] initializeDatabase succeeded
[2026-08-28T05:34:56.144Z] createWindow called
[2026-08-28T05:34:56.223Z] indexPath: G:\Astro\dist\renderer\index.html exists: true
[2026-08-28T05:34:56.223Z] Loading http://localhost:5174
